[2024-03-14 21:50:07,787][utils.py][line:36][INFO] start training!
[2024-03-14 21:50:07,787][utils.py][line:41][INFO] Epoch:[0/50]	 loss=52.00000	 acc=91.000
[2024-03-14 21:50:07,787][utils.py][line:41][INFO] Epoch:[1/50]	 loss=28.00000	 acc=92.000
[2024-03-14 21:50:07,787][utils.py][line:41][INFO] Epoch:[2/50]	 loss=52.00000	 acc=37.000
[2024-03-14 21:50:07,787][utils.py][line:41][INFO] Epoch:[3/50]	 loss=91.00000	 acc=72.000
[2024-03-14 21:50:07,787][utils.py][line:41][INFO] Epoch:[4/50]	 loss=62.00000	 acc=2.000
[2024-03-14 21:50:07,787][utils.py][line:41][INFO] Epoch:[5/50]	 loss=77.00000	 acc=26.000
[2024-03-14 21:50:07,788][utils.py][line:41][INFO] Epoch:[6/50]	 loss=23.00000	 acc=70.000
[2024-03-14 21:50:07,788][utils.py][line:41][INFO] Epoch:[7/50]	 loss=21.00000	 acc=32.000
[2024-03-14 21:50:07,788][utils.py][line:41][INFO] Epoch:[8/50]	 loss=63.00000	 acc=18.000
[2024-03-14 21:50:07,788][utils.py][line:41][INFO] Epoch:[9/50]	 loss=68.00000	 acc=23.000
[2024-03-14 21:50:07,788][utils.py][line:41][INFO] Epoch:[10/50]	 loss=45.00000	 acc=66.000
[2024-03-14 21:50:07,788][utils.py][line:41][INFO] Epoch:[11/50]	 loss=2.00000	 acc=74.000
[2024-03-14 21:50:07,788][utils.py][line:41][INFO] Epoch:[12/50]	 loss=32.00000	 acc=34.000
[2024-03-14 21:50:07,788][utils.py][line:41][INFO] Epoch:[13/50]	 loss=95.00000	 acc=38.000
[2024-03-14 21:50:07,788][utils.py][line:41][INFO] Epoch:[14/50]	 loss=11.00000	 acc=19.000
[2024-03-14 21:50:07,788][utils.py][line:41][INFO] Epoch:[15/50]	 loss=6.00000	 acc=12.000
[2024-03-14 21:50:07,788][utils.py][line:41][INFO] Epoch:[16/50]	 loss=13.00000	 acc=98.000
[2024-03-14 21:50:07,789][utils.py][line:41][INFO] Epoch:[17/50]	 loss=12.00000	 acc=63.000
[2024-03-14 21:50:07,789][utils.py][line:41][INFO] Epoch:[18/50]	 loss=44.00000	 acc=23.000
[2024-03-14 21:50:07,789][utils.py][line:41][INFO] Epoch:[19/50]	 loss=99.00000	 acc=34.000
[2024-03-14 21:50:07,789][utils.py][line:41][INFO] Epoch:[20/50]	 loss=78.00000	 acc=54.000
[2024-03-14 21:50:07,789][utils.py][line:41][INFO] Epoch:[21/50]	 loss=36.00000	 acc=98.000
[2024-03-14 21:50:07,789][utils.py][line:41][INFO] Epoch:[22/50]	 loss=14.00000	 acc=27.000
[2024-03-14 21:50:07,789][utils.py][line:41][INFO] Epoch:[23/50]	 loss=92.00000	 acc=83.000
[2024-03-14 21:50:07,789][utils.py][line:41][INFO] Epoch:[24/50]	 loss=34.00000	 acc=19.000
[2024-03-14 21:50:07,790][utils.py][line:41][INFO] Epoch:[25/50]	 loss=37.00000	 acc=41.000
[2024-03-14 21:50:07,790][utils.py][line:41][INFO] Epoch:[26/50]	 loss=15.00000	 acc=53.000
[2024-03-14 21:50:07,790][utils.py][line:41][INFO] Epoch:[27/50]	 loss=24.00000	 acc=0.000
[2024-03-14 21:50:07,790][utils.py][line:41][INFO] Epoch:[28/50]	 loss=7.00000	 acc=51.000
[2024-03-14 21:50:07,790][utils.py][line:41][INFO] Epoch:[29/50]	 loss=50.00000	 acc=35.000
[2024-03-14 21:50:07,790][utils.py][line:41][INFO] Epoch:[30/50]	 loss=34.00000	 acc=15.000
[2024-03-14 21:50:07,790][utils.py][line:41][INFO] Epoch:[31/50]	 loss=40.00000	 acc=2.000
[2024-03-14 21:50:07,790][utils.py][line:41][INFO] Epoch:[32/50]	 loss=97.00000	 acc=89.000
[2024-03-14 21:50:07,790][utils.py][line:41][INFO] Epoch:[33/50]	 loss=71.00000	 acc=0.000
[2024-03-14 21:50:07,790][utils.py][line:41][INFO] Epoch:[34/50]	 loss=90.00000	 acc=28.000
[2024-03-14 21:50:07,791][utils.py][line:41][INFO] Epoch:[35/50]	 loss=39.00000	 acc=96.000
[2024-03-14 21:50:07,791][utils.py][line:41][INFO] Epoch:[36/50]	 loss=61.00000	 acc=15.000
[2024-03-14 21:50:07,791][utils.py][line:41][INFO] Epoch:[37/50]	 loss=36.00000	 acc=71.000
[2024-03-14 21:50:07,791][utils.py][line:41][INFO] Epoch:[38/50]	 loss=62.00000	 acc=23.000
[2024-03-14 21:50:07,791][utils.py][line:41][INFO] Epoch:[39/50]	 loss=36.00000	 acc=87.000
[2024-03-14 21:50:07,791][utils.py][line:41][INFO] Epoch:[40/50]	 loss=84.00000	 acc=75.000
[2024-03-14 21:50:07,791][utils.py][line:41][INFO] Epoch:[41/50]	 loss=64.00000	 acc=89.000
[2024-03-14 21:50:07,791][utils.py][line:41][INFO] Epoch:[42/50]	 loss=8.00000	 acc=70.000
[2024-03-14 21:50:07,791][utils.py][line:41][INFO] Epoch:[43/50]	 loss=23.00000	 acc=87.000
[2024-03-14 21:50:07,792][utils.py][line:41][INFO] Epoch:[44/50]	 loss=66.00000	 acc=13.000
[2024-03-14 21:50:07,792][utils.py][line:41][INFO] Epoch:[45/50]	 loss=64.00000	 acc=49.000
[2024-03-14 21:50:07,792][utils.py][line:41][INFO] Epoch:[46/50]	 loss=58.00000	 acc=74.000
[2024-03-14 21:50:07,792][utils.py][line:41][INFO] Epoch:[47/50]	 loss=66.00000	 acc=41.000
[2024-03-14 21:50:07,792][utils.py][line:41][INFO] Epoch:[48/50]	 loss=7.00000	 acc=88.000
[2024-03-14 21:50:07,792][utils.py][line:41][INFO] Epoch:[49/50]	 loss=57.00000	 acc=77.000
